// Jest Snapshot v1, https://goo.gl/fbAQLP

exports[`should render router async 1`] = `<div />`;

exports[`should render router async 2`] = `
<div>
  <h1>
    foo
  </h1>
</div>
`;

exports[`should render router async 3`] = `
<div>
  <h1>
    bar
  </h1>
</div>
`;

exports[`should render router async 4`] = `
<div>
  <h1>
    qux
  </h1>
</div>
`;
